

Wed Dec 16 19:24:20 2020
Command line: TestDisk

TestDisk 7.1, Data Recovery Utility, July 2019
Christophe GRENIER <grenier@cgsecurity.org>
https://www.cgsecurity.org
OS: Linux, kernel 5.4.0-54-generic (#60-Ubuntu SMP Fri Nov 6 10:37:59 UTC 2020) x86_64
Compiler: GCC 9.2
ext2fs lib: 1.45.5, ntfs lib: libntfs-3g, reiserfs lib: none, ewf lib: none, curses lib: ncurses 6.1
Warning: can't get size for Disk /dev/mapper/control - 0 B - 0 sectors, sector size=512
Warning: can't get size for Disk /dev/loop2 - 0 B - 0 sectors (RO), sector size=512
Warning: can't get size for Disk /dev/loop7 - 0 B - 0 sectors, sector size=512
Hard disk list
Disk /dev/sda - 107 GB / 100 GiB - CHS 13054 255 63, sector size=512 - VMware Virtual disk, FW:2.0
Disk /dev/sdb - 107 GB / 100 GiB - CHS 13054 255 63, sector size=512 - VMware Virtual disk, FW:2.0
Disk /dev/loop0 - 93 MB / 89 MiB - 182528 sectors (RO), sector size=512
Disk /dev/loop1 - 131 MB / 125 MiB - 257736 sectors (RO), sector size=512
Disk /dev/loop3 - 102 MB / 97 MiB - 200416 sectors (RO), sector size=512
Disk /dev/loop4 - 58 MB / 55 MiB - 113384 sectors (RO), sector size=512
Disk /dev/loop5 - 74 MB / 71 MiB - 146088 sectors (RO), sector size=512
Disk /dev/loop6 - 74 MB / 71 MiB - 145880 sectors (RO), sector size=512

Partition table type (auto): Intel
Disk /dev/sdb - 107 GB / 100 GiB - VMware Virtual disk
Partition table type: Intel

Analyse Disk /dev/sdb - 107 GB / 100 GiB - CHS 13054 255 63
Geometry from i386 MBR: head=255 sector=2
BAD_RS LBA=2048 64512
BAD_RS LBA=2099200 16450498
check_part_i386 failed for partition type 8E
Current partition structure:
 1 * Linux                    0  32 33   130 170 40    2097152

Bad relative sector.
No LVM or LVM2 structure
 2 P Linux LVM              130 170 41 10443  85 10  165672960
 2 P Linux LVM              130 170 41 10443  85 10  165672960

Bad relative sector.

search_part()
Disk /dev/sdb - 107 GB / 100 GiB - CHS 13054 255 63

recover_EXT2: s_block_group_nr=0/8, s_mnt_count=31/4294967295, s_blocks_per_group=32768, s_inodes_per_group=8192
recover_EXT2: s_blocksize=4096
recover_EXT2: s_blocks_count 262144
recover_EXT2: part_size 2097152
Filesystem created: Mon Dec  2 12:23:11 2019
Last mount time:    Wed Dec 16 19:20:35 2020
     Linux                    0  32 33   130 170 40    2097152
     ext4 blocksize=4096 Large_file Sparse_SB Recover, 1073 MB / 1024 MiB
     Linux Swap             130 203 10   646 215  1    8290288
     SWAP2 version 1, pagesize=4096, 4244 MB / 4047 MiB

XFS Marker at 646/215/18

recover_xfs
     Linux                  646 215 18  3915 253 50   52518912
     XFS CRC enabled, blocksize=4096, 26 GB / 25 GiB

XFS Marker at 3915/253/51

recover_xfs
     Linux                 3915 253 51 10443  20  9  104857600
     XFS CRC enabled, blocksize=4096, 53 GB / 50 GiB

Results
     Linux                    0  32 33   130 170 40    2097152
     ext4 blocksize=4096 Large_file Sparse_SB Recover, 1073 MB / 1024 MiB
     Linux Swap             130 203 10   646 215 17    8290304
     SWAP2 version 1, pagesize=4096, 4244 MB / 4048 MiB
     Linux                  646 215 18  3915 253 50   52518912
     XFS CRC enabled, blocksize=4096, 26 GB / 25 GiB
     Linux                 3915 253 51 10443  20  9  104857600
     XFS CRC enabled, blocksize=4096, 53 GB / 50 GiB

Hint for advanced users: dmsetup may be used if you prefer to avoid rewriting the partition table for the moment:
echo "0 2097152 linear /dev/sdb 2048" | dmsetup create test0
echo "0 8290304 linear /dev/sdb 2101248" | dmsetup create test1
echo "0 52518912 linear /dev/sdb 10391552" | dmsetup create test2
echo "0 104857600 linear /dev/sdb 62910464" | dmsetup create test3

interface_write()
 
No partition found or selected for recovery

search_part()
Disk /dev/sdb - 107 GB / 100 GiB - CHS 13054 255 63

recover_EXT2: s_block_group_nr=0/8, s_mnt_count=31/4294967295, s_blocks_per_group=32768, s_inodes_per_group=8192
recover_EXT2: s_blocksize=4096
recover_EXT2: s_blocks_count 262144
recover_EXT2: part_size 2097152
Filesystem created: Mon Dec  2 12:23:11 2019
Last mount time:    Wed Dec 16 19:20:35 2020
     Linux                    0  32 33   130 170 40    2097152
     ext4 blocksize=4096 Large_file Sparse_SB Recover, 1073 MB / 1024 MiB

block_group_nr 1

recover_EXT2: "e2fsck -b 32768 -B 4096 device" may be needed
recover_EXT2: s_block_group_nr=1/8, s_mnt_count=0/4294967295, s_blocks_per_group=32768, s_inodes_per_group=8192
recover_EXT2: s_blocksize=4096
recover_EXT2: s_blocks_count 262144
recover_EXT2: part_size 2097152
Filesystem created: Mon Dec  2 12:23:11 2019
     Linux                    0  32 33   130 170 40    2097152
     ext4 blocksize=4096 Large_file Sparse_SB Backup_SB, 1073 MB / 1024 MiB

block_group_nr 3

recover_EXT2: "e2fsck -b 98304 -B 4096 device" may be needed
recover_EXT2: s_block_group_nr=3/8, s_mnt_count=0/4294967295, s_blocks_per_group=32768, s_inodes_per_group=8192
recover_EXT2: s_blocksize=4096
recover_EXT2: s_blocks_count 262144
recover_EXT2: part_size 2097152
Filesystem created: Mon Dec  2 12:23:11 2019
     Linux                    0  32 33   130 170 40    2097152
     ext4 blocksize=4096 Large_file Sparse_SB Backup_SB, 1073 MB / 1024 MiB

block_group_nr 5

recover_EXT2: "e2fsck -b 163840 -B 4096 device" may be needed
recover_EXT2: s_block_group_nr=5/8, s_mnt_count=0/4294967295, s_blocks_per_group=32768, s_inodes_per_group=8192
recover_EXT2: s_blocksize=4096
recover_EXT2: s_blocks_count 262144
recover_EXT2: part_size 2097152
Filesystem created: Mon Dec  2 12:23:11 2019
     Linux                    0  32 33   130 170 40    2097152
     ext4 blocksize=4096 Large_file Sparse_SB Backup_SB, 1073 MB / 1024 MiB

block_group_nr 7

recover_EXT2: "e2fsck -b 229376 -B 4096 device" may be needed
recover_EXT2: s_block_group_nr=7/8, s_mnt_count=0/4294967295, s_blocks_per_group=32768, s_inodes_per_group=8192
recover_EXT2: s_blocksize=4096
recover_EXT2: s_blocks_count 262144
recover_EXT2: part_size 2097152
Filesystem created: Mon Dec  2 12:23:11 2019
     Linux                    0  32 33   130 170 40    2097152
     ext4 blocksize=4096 Large_file Sparse_SB Backup_SB, 1073 MB / 1024 MiB
     Linux Swap             130 203 10   646 215  1    8290288
     SWAP2 version 1, pagesize=4096, 4244 MB / 4047 MiB

XFS Marker at 646/215/18

recover_xfs
     Linux                  646 215 18  3915 253 50   52518912
     XFS CRC enabled, blocksize=4096, 26 GB / 25 GiB

XFS Marker at 1464/33/42

recover_xfs
     Linux                 1464  33 42  4733  72 11   52518912
     XFS CRC enabled, blocksize=4096, 26 GB / 25 GiB

XFS Marker at 2281/107/3

recover_xfs
     Linux                 2281 107  3  5550 145 35   52518912
     XFS CRC enabled, blocksize=4096, 26 GB / 25 GiB

XFS Marker at 3098/180/27

recover_xfs
     Linux                 3098 180 27  6367 218 59   52518912
     XFS CRC enabled, blocksize=4096, 26 GB / 25 GiB

XFS Marker at 3915/253/51

recover_xfs
     Linux                 3915 253 51 10443  20  9  104857600
     XFS CRC enabled, blocksize=4096, 53 GB / 50 GiB

XFS Marker at 5547/195/25

recover_xfs
     Linux                 5547 195 25 12074 216 46  104857600
     XFS CRC enabled, blocksize=4096, 53 GB / 50 GiB

XFS Marker at 7179/136/62

recover_xfs
     Linux                 7179 136 62 13706 158 20  104857600
     XFS CRC enabled, blocksize=4096, 53 GB / 50 GiB
This partition ends after the disk limits. (start=115339264, size=104857600, end=220196863, disk end=209715200)

XFS Marker at 8811/78/36

recover_xfs
     Linux                 8811  78 36 15338  99 57  104857600
     XFS CRC enabled, blocksize=4096, 53 GB / 50 GiB
This partition ends after the disk limits. (start=141553664, size=104857600, end=246411263, disk end=209715200)
Disk /dev/sdb - 107 GB / 100 GiB - CHS 13054 255 63
Check the harddisk size: HD jumper settings, BIOS detection...
The harddisk (107 GB / 100 GiB) seems too small! (< 126 GB / 117 GiB)
The following partitions can't be recovered:
     Linux                 7179 136 62 13706 158 20  104857600
     XFS CRC enabled, blocksize=4096, 53 GB / 50 GiB
     Linux                 8811  78 36 15338  99 57  104857600
     XFS CRC enabled, blocksize=4096, 53 GB / 50 GiB

Results
   * Linux                    0  32 33   130 170 40    2097152
     ext4 blocksize=4096 Large_file Sparse_SB Recover, 1073 MB / 1024 MiB
   P Linux Swap             130 203 10   646 215 17    8290304
     SWAP2 version 1, pagesize=4096, 4244 MB / 4048 MiB
     Linux                  646 215 18  3915 253 50   52518912
     XFS CRC enabled, blocksize=4096, 26 GB / 25 GiB
     Linux                 1464  33 42  4733  72 11   52518912
     XFS CRC enabled, blocksize=4096, 26 GB / 25 GiB
     Linux                 2281 107  3  5550 145 35   52518912
     XFS CRC enabled, blocksize=4096, 26 GB / 25 GiB
     Linux                 3098 180 27  6367 218 59   52518912
     XFS CRC enabled, blocksize=4096, 26 GB / 25 GiB
     Linux                 3915 253 51 10443  20  9  104857600
     XFS CRC enabled, blocksize=4096, 53 GB / 50 GiB
     Linux                 5547 195 25 12074 216 46  104857600
     XFS CRC enabled, blocksize=4096, 53 GB / 50 GiB

Hint for advanced users: dmsetup may be used if you prefer to avoid rewriting the partition table for the moment:
echo "0 2097152 linear /dev/sdb 2048" | dmsetup create test0
echo "0 8290304 linear /dev/sdb 2101248" | dmsetup create test1
echo "0 52518912 linear /dev/sdb 10391552" | dmsetup create test2
echo "0 52518912 linear /dev/sdb 23521280" | dmsetup create test3
echo "0 52518912 linear /dev/sdb 36651008" | dmsetup create test4
echo "0 52518912 linear /dev/sdb 49780736" | dmsetup create test5
echo "0 104857600 linear /dev/sdb 62910464" | dmsetup create test6
echo "0 104857600 linear /dev/sdb 89124864" | dmsetup create test7

interface_write()
 1 * Linux                    0  32 33   130 170 40    2097152
 2 P Linux Swap             130 203 10   646 215 17    8290304
simulate write!

write_mbr_i386: starting...
write_all_log_i386: starting...
No extended partition

Interface Advanced
Geometry from i386 MBR: head=255 sector=2
BAD_RS LBA=2048 64512
BAD_RS LBA=2099200 16450498
check_part_i386 failed for partition type 8E
 1 * Linux                    0  32 33   130 170 40    2097152
     ext4 blocksize=4096 Large_file Sparse_SB Recover, 1073 MB / 1024 MiB
 2 P Linux LVM              130 170 41 10443  85 10  165672960
New options :
 Dump : No
 Align partition: Yes
 Expert mode : No

Analyse Disk /dev/sdb - 107 GB / 100 GiB - CHS 13054 255 63
Geometry from i386 MBR: head=255 sector=2
BAD_RS LBA=2048 64512
BAD_RS LBA=2099200 16450498
check_part_i386 failed for partition type 8E
Current partition structure:
 1 * Linux                    0  32 33   130 170 40    2097152

Bad relative sector.
No LVM or LVM2 structure
 2 P Linux LVM              130 170 41 10443  85 10  165672960
 2 P Linux LVM              130 170 41 10443  85 10  165672960

Bad relative sector.

search_part()
Disk /dev/sdb - 107 GB / 100 GiB - CHS 13054 255 63

recover_EXT2: s_block_group_nr=0/8, s_mnt_count=31/4294967295, s_blocks_per_group=32768, s_inodes_per_group=8192
recover_EXT2: s_blocksize=4096
recover_EXT2: s_blocks_count 262144
recover_EXT2: part_size 2097152
Filesystem created: Mon Dec  2 12:23:11 2019
Last mount time:    Wed Dec 16 19:20:35 2020
     Linux                    0  32 33   130 170 40    2097152
     ext4 blocksize=4096 Large_file Sparse_SB Recover, 1073 MB / 1024 MiB
     Linux Swap             130 203 10   646 215  1    8290288
     SWAP2 version 1, pagesize=4096, 4244 MB / 4047 MiB

XFS Marker at 646/215/18

recover_xfs
     Linux                  646 215 18  3915 253 50   52518912
     XFS CRC enabled, blocksize=4096, 26 GB / 25 GiB

XFS Marker at 3915/253/51

recover_xfs
     Linux                 3915 253 51 10443  20  9  104857600
     XFS CRC enabled, blocksize=4096, 53 GB / 50 GiB

Results
     Linux                    0  32 33   130 170 40    2097152
     ext4 blocksize=4096 Large_file Sparse_SB Recover, 1073 MB / 1024 MiB
     Linux Swap             130 203 10   646 215 17    8290304
     SWAP2 version 1, pagesize=4096, 4244 MB / 4048 MiB
     Linux                  646 215 18  3915 253 50   52518912
     XFS CRC enabled, blocksize=4096, 26 GB / 25 GiB
     Linux                 3915 253 51 10443  20  9  104857600
     XFS CRC enabled, blocksize=4096, 53 GB / 50 GiB

Hint for advanced users: dmsetup may be used if you prefer to avoid rewriting the partition table for the moment:
echo "0 2097152 linear /dev/sdb 2048" | dmsetup create test0
echo "0 8290304 linear /dev/sdb 2101248" | dmsetup create test1
echo "0 52518912 linear /dev/sdb 10391552" | dmsetup create test2
echo "0 104857600 linear /dev/sdb 62910464" | dmsetup create test3

interface_write()
 
No partition found or selected for recovery
simulate write!

write_mbr_i386: starting...
write_all_log_i386: starting...
No extended partition

Analyse Disk /dev/sdb - 107 GB / 100 GiB - CHS 13054 255 63
Geometry from i386 MBR: head=255 sector=2
BAD_RS LBA=2048 64512
BAD_RS LBA=2099200 16450498
check_part_i386 failed for partition type 8E
Current partition structure:
 1 * Linux                    0  32 33   130 170 40    2097152

Bad relative sector.
No LVM or LVM2 structure
 2 P Linux LVM              130 170 41 10443  85 10  165672960
 2 P Linux LVM              130 170 41 10443  85 10  165672960

Bad relative sector.

search_part()
Disk /dev/sdb - 107 GB / 100 GiB - CHS 13054 255 63

recover_EXT2: s_block_group_nr=0/8, s_mnt_count=31/4294967295, s_blocks_per_group=32768, s_inodes_per_group=8192
recover_EXT2: s_blocksize=4096
recover_EXT2: s_blocks_count 262144
recover_EXT2: part_size 2097152
Filesystem created: Mon Dec  2 12:23:11 2019
Last mount time:    Wed Dec 16 19:20:35 2020
     Linux                    0  32 33   130 170 40    2097152
     ext4 blocksize=4096 Large_file Sparse_SB Recover, 1073 MB / 1024 MiB
     Linux Swap             130 203 10   646 215  1    8290288
     SWAP2 version 1, pagesize=4096, 4244 MB / 4047 MiB

XFS Marker at 646/215/18

recover_xfs
     Linux                  646 215 18  3915 253 50   52518912
     XFS CRC enabled, blocksize=4096, 26 GB / 25 GiB

XFS Marker at 3915/253/51

recover_xfs
     Linux                 3915 253 51 10443  20  9  104857600
     XFS CRC enabled, blocksize=4096, 53 GB / 50 GiB

Results
     Linux                    0  32 33   130 170 40    2097152
     ext4 blocksize=4096 Large_file Sparse_SB Recover, 1073 MB / 1024 MiB
     Linux Swap             130 203 10   646 215 17    8290304
     SWAP2 version 1, pagesize=4096, 4244 MB / 4048 MiB
     Linux                  646 215 18  3915 253 50   52518912
     XFS CRC enabled, blocksize=4096, 26 GB / 25 GiB
     Linux                 3915 253 51 10443  20  9  104857600
     XFS CRC enabled, blocksize=4096, 53 GB / 50 GiB

Hint for advanced users: dmsetup may be used if you prefer to avoid rewriting the partition table for the moment:
echo "0 2097152 linear /dev/sdb 2048" | dmsetup create test0
echo "0 8290304 linear /dev/sdb 2101248" | dmsetup create test1
echo "0 52518912 linear /dev/sdb 10391552" | dmsetup create test2
echo "0 104857600 linear /dev/sdb 62910464" | dmsetup create test3

interface_write()
 
No partition found or selected for recovery
simulate write!

write_mbr_i386: starting...
write_all_log_i386: starting...
No extended partition

Analyse Disk /dev/sdb - 107 GB / 100 GiB - CHS 13054 255 63
Geometry from i386 MBR: head=255 sector=2
BAD_RS LBA=2048 64512
BAD_RS LBA=2099200 16450498
check_part_i386 failed for partition type 8E
Current partition structure:
 1 * Linux                    0  32 33   130 170 40    2097152

Bad relative sector.
No LVM or LVM2 structure
 2 P Linux LVM              130 170 41 10443  85 10  165672960
 2 P Linux LVM              130 170 41 10443  85 10  165672960

Bad relative sector.

search_part()
Disk /dev/sdb - 107 GB / 100 GiB - CHS 13054 255 63

recover_EXT2: s_block_group_nr=0/8, s_mnt_count=31/4294967295, s_blocks_per_group=32768, s_inodes_per_group=8192
recover_EXT2: s_blocksize=4096
recover_EXT2: s_blocks_count 262144
recover_EXT2: part_size 2097152
Filesystem created: Mon Dec  2 12:23:11 2019
Last mount time:    Wed Dec 16 19:20:35 2020
     Linux                    0  32 33   130 170 40    2097152
     ext4 blocksize=4096 Large_file Sparse_SB Recover, 1073 MB / 1024 MiB
     Linux Swap             130 203 10   646 215  1    8290288
     SWAP2 version 1, pagesize=4096, 4244 MB / 4047 MiB

XFS Marker at 646/215/18

recover_xfs
     Linux                  646 215 18  3915 253 50   52518912
     XFS CRC enabled, blocksize=4096, 26 GB / 25 GiB

XFS Marker at 3915/253/51

recover_xfs
     Linux                 3915 253 51 10443  20  9  104857600
     XFS CRC enabled, blocksize=4096, 53 GB / 50 GiB

Results
     Linux                    0  32 33   130 170 40    2097152
     ext4 blocksize=4096 Large_file Sparse_SB Recover, 1073 MB / 1024 MiB
     Linux Swap             130 203 10   646 215 17    8290304
     SWAP2 version 1, pagesize=4096, 4244 MB / 4048 MiB
     Linux                  646 215 18  3915 253 50   52518912
     XFS CRC enabled, blocksize=4096, 26 GB / 25 GiB
     Linux                 3915 253 51 10443  20  9  104857600
     XFS CRC enabled, blocksize=4096, 53 GB / 50 GiB

Hint for advanced users: dmsetup may be used if you prefer to avoid rewriting the partition table for the moment:
echo "0 2097152 linear /dev/sdb 2048" | dmsetup create test0
echo "0 8290304 linear /dev/sdb 2101248" | dmsetup create test1
echo "0 52518912 linear /dev/sdb 10391552" | dmsetup create test2
echo "0 104857600 linear /dev/sdb 62910464" | dmsetup create test3

interface_write()
 
No partition found or selected for recovery
simulate write!

write_mbr_i386: starting...
write_all_log_i386: starting...
No extended partition

Analyse Disk /dev/sdb - 107 GB / 100 GiB - CHS 13054 255 63
Geometry from i386 MBR: head=255 sector=2
BAD_RS LBA=2048 64512
BAD_RS LBA=2099200 16450498
check_part_i386 failed for partition type 8E
Current partition structure:
 1 * Linux                    0  32 33   130 170 40    2097152

Bad relative sector.
No LVM or LVM2 structure
 2 P Linux LVM              130 170 41 10443  85 10  165672960
 2 P Linux LVM              130 170 41 10443  85 10  165672960

Bad relative sector.

search_part()
Disk /dev/sdb - 107 GB / 100 GiB - CHS 13054 255 63

recover_EXT2: s_block_group_nr=0/8, s_mnt_count=31/4294967295, s_blocks_per_group=32768, s_inodes_per_group=8192
recover_EXT2: s_blocksize=4096
recover_EXT2: s_blocks_count 262144
recover_EXT2: part_size 2097152
Filesystem created: Mon Dec  2 12:23:11 2019
Last mount time:    Wed Dec 16 19:20:35 2020
     Linux                    0  32 33   130 170 40    2097152
     ext4 blocksize=4096 Large_file Sparse_SB Recover, 1073 MB / 1024 MiB
     Linux Swap             130 203 10   646 215  1    8290288
     SWAP2 version 1, pagesize=4096, 4244 MB / 4047 MiB

XFS Marker at 646/215/18

recover_xfs
     Linux                  646 215 18  3915 253 50   52518912
     XFS CRC enabled, blocksize=4096, 26 GB / 25 GiB

XFS Marker at 3915/253/51

recover_xfs
     Linux                 3915 253 51 10443  20  9  104857600
     XFS CRC enabled, blocksize=4096, 53 GB / 50 GiB

Results
     Linux                    0  32 33   130 170 40    2097152
     ext4 blocksize=4096 Large_file Sparse_SB Recover, 1073 MB / 1024 MiB
     Linux Swap             130 203 10   646 215 17    8290304
     SWAP2 version 1, pagesize=4096, 4244 MB / 4048 MiB
     Linux                  646 215 18  3915 253 50   52518912
     XFS CRC enabled, blocksize=4096, 26 GB / 25 GiB
     Linux                 3915 253 51 10443  20  9  104857600
     XFS CRC enabled, blocksize=4096, 53 GB / 50 GiB

Hint for advanced users: dmsetup may be used if you prefer to avoid rewriting the partition table for the moment:
echo "0 2097152 linear /dev/sdb 2048" | dmsetup create test0
echo "0 8290304 linear /dev/sdb 2101248" | dmsetup create test1
echo "0 52518912 linear /dev/sdb 10391552" | dmsetup create test2
echo "0 104857600 linear /dev/sdb 62910464" | dmsetup create test3

interface_write()
 
No partition found or selected for recovery
simulate write!

write_mbr_i386: starting...
write_all_log_i386: starting...
No extended partition

Analyse Disk /dev/sdb - 107 GB / 100 GiB - CHS 13054 255 63
Geometry from i386 MBR: head=255 sector=2
BAD_RS LBA=2048 64512
BAD_RS LBA=2099200 16450498
check_part_i386 failed for partition type 8E
Current partition structure:
 1 * Linux                    0  32 33   130 170 40    2097152

Bad relative sector.
No LVM or LVM2 structure
 2 P Linux LVM              130 170 41 10443  85 10  165672960
 2 P Linux LVM              130 170 41 10443  85 10  165672960

Bad relative sector.

search_part()
Disk /dev/sdb - 107 GB / 100 GiB - CHS 13054 255 63

recover_EXT2: s_block_group_nr=0/8, s_mnt_count=31/4294967295, s_blocks_per_group=32768, s_inodes_per_group=8192
recover_EXT2: s_blocksize=4096
recover_EXT2: s_blocks_count 262144
recover_EXT2: part_size 2097152
Filesystem created: Mon Dec  2 12:23:11 2019
Last mount time:    Wed Dec 16 19:20:35 2020
     Linux                    0  32 33   130 170 40    2097152
     ext4 blocksize=4096 Large_file Sparse_SB Recover, 1073 MB / 1024 MiB
     Linux Swap             130 203 10   646 215  1    8290288
     SWAP2 version 1, pagesize=4096, 4244 MB / 4047 MiB

XFS Marker at 646/215/18

recover_xfs
     Linux                  646 215 18  3915 253 50   52518912
     XFS CRC enabled, blocksize=4096, 26 GB / 25 GiB

XFS Marker at 3915/253/51

recover_xfs
     Linux                 3915 253 51 10443  20  9  104857600
     XFS CRC enabled, blocksize=4096, 53 GB / 50 GiB

Results
     Linux                    0  32 33   130 170 40    2097152
     ext4 blocksize=4096 Large_file Sparse_SB Recover, 1073 MB / 1024 MiB
     Linux Swap             130 203 10   646 215 17    8290304
     SWAP2 version 1, pagesize=4096, 4244 MB / 4048 MiB
     Linux                  646 215 18  3915 253 50   52518912
     XFS CRC enabled, blocksize=4096, 26 GB / 25 GiB
     Linux                 3915 253 51 10443  20  9  104857600
     XFS CRC enabled, blocksize=4096, 53 GB / 50 GiB

Hint for advanced users: dmsetup may be used if you prefer to avoid rewriting the partition table for the moment:
echo "0 2097152 linear /dev/sdb 2048" | dmsetup create test0
echo "0 8290304 linear /dev/sdb 2101248" | dmsetup create test1
echo "0 52518912 linear /dev/sdb 10391552" | dmsetup create test2
echo "0 104857600 linear /dev/sdb 62910464" | dmsetup create test3

interface_write()
 
No partition found or selected for recovery

search_part()
Disk /dev/sdb - 107 GB / 100 GiB - CHS 13054 255 63

recover_EXT2: s_block_group_nr=0/8, s_mnt_count=31/4294967295, s_blocks_per_group=32768, s_inodes_per_group=8192
recover_EXT2: s_blocksize=4096
recover_EXT2: s_blocks_count 262144
recover_EXT2: part_size 2097152
Filesystem created: Mon Dec  2 12:23:11 2019
Last mount time:    Wed Dec 16 19:20:35 2020
     Linux                    0  32 33   130 170 40    2097152
     ext4 blocksize=4096 Large_file Sparse_SB Recover, 1073 MB / 1024 MiB

block_group_nr 1

recover_EXT2: "e2fsck -b 32768 -B 4096 device" may be needed
recover_EXT2: s_block_group_nr=1/8, s_mnt_count=0/4294967295, s_blocks_per_group=32768, s_inodes_per_group=8192
recover_EXT2: s_blocksize=4096
recover_EXT2: s_blocks_count 262144
recover_EXT2: part_size 2097152
Filesystem created: Mon Dec  2 12:23:11 2019
     Linux                    0  32 33   130 170 40    2097152
     ext4 blocksize=4096 Large_file Sparse_SB Backup_SB, 1073 MB / 1024 MiB

block_group_nr 3

recover_EXT2: "e2fsck -b 98304 -B 4096 device" may be needed
recover_EXT2: s_block_group_nr=3/8, s_mnt_count=0/4294967295, s_blocks_per_group=32768, s_inodes_per_group=8192
recover_EXT2: s_blocksize=4096
recover_EXT2: s_blocks_count 262144
recover_EXT2: part_size 2097152
Filesystem created: Mon Dec  2 12:23:11 2019
     Linux                    0  32 33   130 170 40    2097152
     ext4 blocksize=4096 Large_file Sparse_SB Backup_SB, 1073 MB / 1024 MiB

block_group_nr 5

recover_EXT2: "e2fsck -b 163840 -B 4096 device" may be needed
recover_EXT2: s_block_group_nr=5/8, s_mnt_count=0/4294967295, s_blocks_per_group=32768, s_inodes_per_group=8192
recover_EXT2: s_blocksize=4096
recover_EXT2: s_blocks_count 262144
recover_EXT2: part_size 2097152
Filesystem created: Mon Dec  2 12:23:11 2019
     Linux                    0  32 33   130 170 40    2097152
     ext4 blocksize=4096 Large_file Sparse_SB Backup_SB, 1073 MB / 1024 MiB

block_group_nr 7

recover_EXT2: "e2fsck -b 229376 -B 4096 device" may be needed
recover_EXT2: s_block_group_nr=7/8, s_mnt_count=0/4294967295, s_blocks_per_group=32768, s_inodes_per_group=8192
recover_EXT2: s_blocksize=4096
recover_EXT2: s_blocks_count 262144
recover_EXT2: part_size 2097152
Filesystem created: Mon Dec  2 12:23:11 2019
     Linux                    0  32 33   130 170 40    2097152
     ext4 blocksize=4096 Large_file Sparse_SB Backup_SB, 1073 MB / 1024 MiB
     Linux Swap             130 203 10   646 215  1    8290288
     SWAP2 version 1, pagesize=4096, 4244 MB / 4047 MiB

XFS Marker at 646/215/18

recover_xfs
     Linux                  646 215 18  3915 253 50   52518912
     XFS CRC enabled, blocksize=4096, 26 GB / 25 GiB

XFS Marker at 1464/33/42

recover_xfs
     Linux                 1464  33 42  4733  72 11   52518912
     XFS CRC enabled, blocksize=4096, 26 GB / 25 GiB

XFS Marker at 2281/107/3

recover_xfs
     Linux                 2281 107  3  5550 145 35   52518912
     XFS CRC enabled, blocksize=4096, 26 GB / 25 GiB

XFS Marker at 3098/180/27

recover_xfs
     Linux                 3098 180 27  6367 218 59   52518912
     XFS CRC enabled, blocksize=4096, 26 GB / 25 GiB

XFS Marker at 3915/253/51

recover_xfs
     Linux                 3915 253 51 10443  20  9  104857600
     XFS CRC enabled, blocksize=4096, 53 GB / 50 GiB

XFS Marker at 5547/195/25

recover_xfs
     Linux                 5547 195 25 12074 216 46  104857600
     XFS CRC enabled, blocksize=4096, 53 GB / 50 GiB

XFS Marker at 7179/136/62

recover_xfs
     Linux                 7179 136 62 13706 158 20  104857600
     XFS CRC enabled, blocksize=4096, 53 GB / 50 GiB
This partition ends after the disk limits. (start=115339264, size=104857600, end=220196863, disk end=209715200)

XFS Marker at 8811/78/36

recover_xfs
     Linux                 8811  78 36 15338  99 57  104857600
     XFS CRC enabled, blocksize=4096, 53 GB / 50 GiB
This partition ends after the disk limits. (start=141553664, size=104857600, end=246411263, disk end=209715200)
Disk /dev/sdb - 107 GB / 100 GiB - CHS 13054 255 63
Check the harddisk size: HD jumper settings, BIOS detection...
The harddisk (107 GB / 100 GiB) seems too small! (< 126 GB / 117 GiB)
The following partitions can't be recovered:
     Linux                 7179 136 62 13706 158 20  104857600
     XFS CRC enabled, blocksize=4096, 53 GB / 50 GiB
     Linux                 8811  78 36 15338  99 57  104857600
     XFS CRC enabled, blocksize=4096, 53 GB / 50 GiB

Results
   * Linux                    0  32 33   130 170 40    2097152
     ext4 blocksize=4096 Large_file Sparse_SB Recover, 1073 MB / 1024 MiB
   P Linux Swap             130 203 10   646 215 17    8290304
     SWAP2 version 1, pagesize=4096, 4244 MB / 4048 MiB
     Linux                  646 215 18  3915 253 50   52518912
     XFS CRC enabled, blocksize=4096, 26 GB / 25 GiB
     Linux                 1464  33 42  4733  72 11   52518912
     XFS CRC enabled, blocksize=4096, 26 GB / 25 GiB
     Linux                 2281 107  3  5550 145 35   52518912
     XFS CRC enabled, blocksize=4096, 26 GB / 25 GiB
     Linux                 3098 180 27  6367 218 59   52518912
     XFS CRC enabled, blocksize=4096, 26 GB / 25 GiB
     Linux                 3915 253 51 10443  20  9  104857600
     XFS CRC enabled, blocksize=4096, 53 GB / 50 GiB
     Linux                 5547 195 25 12074 216 46  104857600
     XFS CRC enabled, blocksize=4096, 53 GB / 50 GiB

Hint for advanced users: dmsetup may be used if you prefer to avoid rewriting the partition table for the moment:
echo "0 2097152 linear /dev/sdb 2048" | dmsetup create test0
echo "0 8290304 linear /dev/sdb 2101248" | dmsetup create test1
echo "0 52518912 linear /dev/sdb 10391552" | dmsetup create test2
echo "0 52518912 linear /dev/sdb 23521280" | dmsetup create test3
echo "0 52518912 linear /dev/sdb 36651008" | dmsetup create test4
echo "0 52518912 linear /dev/sdb 49780736" | dmsetup create test5
echo "0 104857600 linear /dev/sdb 62910464" | dmsetup create test6
echo "0 104857600 linear /dev/sdb 89124864" | dmsetup create test7


dir_partition inode=2
   * Linux                    0  32 33   130 170 40    2097152
     ext4 blocksize=4096 Large_file Sparse_SB Recover, 1073 MB / 1024 MiB
Directory /
       2 dr-xr-xr-x     0      0      4096 11-Dec-2020 06:21 .
       2 dr-xr-xr-x     0      0      4096 11-Dec-2020 06:21 ..
      11 drwx------     0      0     16384  2-Dec-2019 12:23 lost+found
      12 drwxr-xr-x     0      0      4096  2-Dec-2019 12:24 efi
    8193 drwx------     0      0      4096 10-Dec-2020 16:23 grub2
    8194 drwxr-xr-x     0      0      4096  2-Dec-2019 12:26 loader
      16 -rwxr-xr-x     0      0   8920200 14-Sep-2020 14:45 vmlinuz-4.18.0-193.19.1.el8_2.x86_64
      17 -rw-------     0      0   3910607 14-Sep-2020 14:44 System.map-4.18.0-193.19.1.el8_2.x86_64
      18 -rw-r--r--     0      0    187644 14-Sep-2020 14:44 config-4.18.0-193.19.1.el8_2.x86_64
      19 -rw-r--r--     0      0       173 14-Sep-2020 14:44 .vmlinuz-4.18.0-193.19.1.el8_2.x86_64.hmac
     322 drwxr-xr-x     0      0      4096 10-Dec-2020 16:15 logs
      22 -rwxr-xr-x     0      0   7872760  2-Dec-2019 12:27 vmlinuz-0-rescue-0c78768d38b040a8b4b30282361da518
      23 -rw-------     0      0  65693853  2-Dec-2019 12:28 initramfs-0-rescue-0c78768d38b040a8b4b30282361da518.img
     306 -rw-------     0      0  17759298  2-Dec-2019 18:23 initramfs-4.18.0-80.el8.x86_64kdump.img
      21 -rwxr-xr-x     0      0   7876856 24-Sep-2019 11:40 vmlinuz-4.18.0-80.11.2.el8_0.x86_64
     309 -rw-------     0      0   3754058 24-Sep-2019 11:40 System.map-4.18.0-80.11.2.el8_0.x86_64
     310 -rw-r--r--     0      0    180949 24-Sep-2019 11:40 config-4.18.0-80.11.2.el8_0.x86_64
     311 -rw-r--r--     0      0       172 24-Sep-2019 11:38 .vmlinuz-4.18.0-80.11.2.el8_0.x86_64.hmac
     315 -rw-------     0      0  51612128  6-Jul-2020 16:14 initramfs-4.18.0-80.11.2.el8_0.x86_64.img
     314 -rw-------     0      0  19765177  6-Jul-2020 16:09 initramfs-4.18.0-80.11.2.el8_0.x86_64kdump.img
     313 -rwxr-xr-x     0      0   8913656 10-Jun-2020 11:17 vmlinuz-4.18.0-193.6.3.el8_2.x86_64
     316 -rw-------     0      0   3910484 10-Jun-2020 11:17 System.map-4.18.0-193.6.3.el8_2.x86_64
     317 -rw-r--r--     0      0    187643 10-Jun-2020 11:17 config-4.18.0-193.6.3.el8_2.x86_64
     318 -rw-r--r--     0      0       172 10-Jun-2020 11:17 .vmlinuz-4.18.0-193.6.3.el8_2.x86_64.hmac
     320 -rw-------     0      0  51688136  6-Jul-2020 16:14 initramfs-4.18.0-193.6.3.el8_2.x86_64.img
     308 -rw-------     0      0  51644543 22-Oct-2020 16:04 initramfs-4.18.0-193.19.1.el8_2.x86_64.img
     321 -rw-------     0      0  19878193 22-Oct-2020 16:14 initramfs-4.18.0-193.19.1.el8_2.x86_64kdump.img
     324 drwxr-xr-x     0      0      4096 11-Dec-2020 06:19 proc
    8195 drwxr-xr-x     0      0      4096 11-Dec-2020 06:19 dev
    8196 drwxr-xr-x     0      0      4096 11-Dec-2020 06:19 sys
    8197 drwxr-xr-x     0      0      4096 11-Dec-2020 06:21 run

interface_write()
 1 * Linux                    0  32 33   130 170 40    2097152
 2 P Linux Swap             130 203 10   646 215 17    8290304

interface_write()
 1 * Linux                    0  32 33   130 170 40    2097152
 2 P Linux Swap             130 203 10   646 215 17    8290304

interface_write()
 1 * Linux                    0  32 33   130 170 40    2097152
 2 P Linux Swap             130 203 10   646 215 17    8290304


dir_partition inode=2
   * Linux                    0  32 33   130 170 40    2097152
     ext4 blocksize=4096 Large_file Sparse_SB Recover, 1073 MB / 1024 MiB
Directory /
       2 dr-xr-xr-x     0      0      4096 11-Dec-2020 06:21 .
       2 dr-xr-xr-x     0      0      4096 11-Dec-2020 06:21 ..
      11 drwx------     0      0     16384  2-Dec-2019 12:23 lost+found
      12 drwxr-xr-x     0      0      4096  2-Dec-2019 12:24 efi
    8193 drwx------     0      0      4096 10-Dec-2020 16:23 grub2
    8194 drwxr-xr-x     0      0      4096  2-Dec-2019 12:26 loader
      16 -rwxr-xr-x     0      0   8920200 14-Sep-2020 14:45 vmlinuz-4.18.0-193.19.1.el8_2.x86_64
      17 -rw-------     0      0   3910607 14-Sep-2020 14:44 System.map-4.18.0-193.19.1.el8_2.x86_64
      18 -rw-r--r--     0      0    187644 14-Sep-2020 14:44 config-4.18.0-193.19.1.el8_2.x86_64
      19 -rw-r--r--     0      0       173 14-Sep-2020 14:44 .vmlinuz-4.18.0-193.19.1.el8_2.x86_64.hmac
     322 drwxr-xr-x     0      0      4096 10-Dec-2020 16:15 logs
      22 -rwxr-xr-x     0      0   7872760  2-Dec-2019 12:27 vmlinuz-0-rescue-0c78768d38b040a8b4b30282361da518
      23 -rw-------     0      0  65693853  2-Dec-2019 12:28 initramfs-0-rescue-0c78768d38b040a8b4b30282361da518.img
     306 -rw-------     0      0  17759298  2-Dec-2019 18:23 initramfs-4.18.0-80.el8.x86_64kdump.img
      21 -rwxr-xr-x     0      0   7876856 24-Sep-2019 11:40 vmlinuz-4.18.0-80.11.2.el8_0.x86_64
     309 -rw-------     0      0   3754058 24-Sep-2019 11:40 System.map-4.18.0-80.11.2.el8_0.x86_64
     310 -rw-r--r--     0      0    180949 24-Sep-2019 11:40 config-4.18.0-80.11.2.el8_0.x86_64
     311 -rw-r--r--     0      0       172 24-Sep-2019 11:38 .vmlinuz-4.18.0-80.11.2.el8_0.x86_64.hmac
     315 -rw-------     0      0  51612128  6-Jul-2020 16:14 initramfs-4.18.0-80.11.2.el8_0.x86_64.img
     314 -rw-------     0      0  19765177  6-Jul-2020 16:09 initramfs-4.18.0-80.11.2.el8_0.x86_64kdump.img
     313 -rwxr-xr-x     0      0   8913656 10-Jun-2020 11:17 vmlinuz-4.18.0-193.6.3.el8_2.x86_64
     316 -rw-------     0      0   3910484 10-Jun-2020 11:17 System.map-4.18.0-193.6.3.el8_2.x86_64
     317 -rw-r--r--     0      0    187643 10-Jun-2020 11:17 config-4.18.0-193.6.3.el8_2.x86_64
     318 -rw-r--r--     0      0       172 10-Jun-2020 11:17 .vmlinuz-4.18.0-193.6.3.el8_2.x86_64.hmac
     320 -rw-------     0      0  51688136  6-Jul-2020 16:14 initramfs-4.18.0-193.6.3.el8_2.x86_64.img
     308 -rw-------     0      0  51644543 22-Oct-2020 16:04 initramfs-4.18.0-193.19.1.el8_2.x86_64.img
     321 -rw-------     0      0  19878193 22-Oct-2020 16:14 initramfs-4.18.0-193.19.1.el8_2.x86_64kdump.img
     324 drwxr-xr-x     0      0      4096 11-Dec-2020 06:19 proc
    8195 drwxr-xr-x     0      0      4096 11-Dec-2020 06:19 dev
    8196 drwxr-xr-x     0      0      4096 11-Dec-2020 06:19 sys
    8197 drwxr-xr-x     0      0      4096 11-Dec-2020 06:21 run

     Linux                 5547 195 25 12074 216 46  104857600
     XFS CRC enabled, blocksize=4096, 53 GB / 50 GiB
Support for this filesystem wasn't enabled during compilation.

interface_write()
 1 * Linux                    0  32 33   130 170 40    2097152
 2 P Linux Swap             130 203 10   646 215 17    8290304

interface_write()
 1 * Linux                    0  32 33   130 170 40    2097152
 2 P Linux Swap             130 203 10   646 215 17    8290304

interface_write()
 1 * Linux                    0  32 33   130 170 40    2097152
 2 P Linux Swap             130 203 10   646 215 17    8290304

interface_write()
 1 * Linux                    0  32 33   130 170 40    2097152
 2 P Linux Swap             130 203 10   646 215 17    8290304

interface_write()
 1 * Linux                    0  32 33   130 170 40    2097152
 2 P Linux Swap             130 203 10   646 215 17    8290304

interface_write()
 1 * Linux                    0  32 33   130 170 40    2097152
 2 P Linux Swap             130 203 10   646 215 17    8290304
add_ext_part_i386: max
add_ext_part_i386: min

interface_write()
 1 * Linux                    0  32 33   130 170 40    2097152
 2 P Linux Swap             130 203 10   646 215 17    8290304
 3 E extended LBA          1464   1 10  4733  72 11   52520960
 5 L Linux                 1464  33 42  4733  72 11   52518912

interface_write()
 1 * Linux                    0  32 33   130 170 40    2097152
 2 P Linux Swap             130 203 10   646 215 17    8290304
simulate write!

write_mbr_i386: starting...
write_all_log_i386: starting...
No extended partition
Partition table type (auto): Intel
Disk /dev/sdb - 107 GB / 100 GiB - VMware Virtual disk
Partition table type: Intel

Interface Advanced
Geometry from i386 MBR: head=255 sector=2
BAD_RS LBA=2048 64512
BAD_RS LBA=2099200 16450498
check_part_i386 failed for partition type 8E
 1 * Linux                    0  32 33   130 170 40    2097152
     ext4 blocksize=4096 Large_file Sparse_SB Recover, 1073 MB / 1024 MiB
 2 P Linux LVM              130 170 41 10443  85 10  165672960


dir_partition inode=2
 1 * Linux                    0  32 33   130 170 40    2097152
     ext4 blocksize=4096 Large_file Sparse_SB Recover, 1073 MB / 1024 MiB
Directory /
       2 dr-xr-xr-x     0      0      4096 11-Dec-2020 06:21 .
       2 dr-xr-xr-x     0      0      4096 11-Dec-2020 06:21 ..
      11 drwx------     0      0     16384  2-Dec-2019 12:23 lost+found
      12 drwxr-xr-x     0      0      4096  2-Dec-2019 12:24 efi
    8193 drwx------     0      0      4096 10-Dec-2020 16:23 grub2
    8194 drwxr-xr-x     0      0      4096  2-Dec-2019 12:26 loader
      16 -rwxr-xr-x     0      0   8920200 14-Sep-2020 14:45 vmlinuz-4.18.0-193.19.1.el8_2.x86_64
      17 -rw-------     0      0   3910607 14-Sep-2020 14:44 System.map-4.18.0-193.19.1.el8_2.x86_64
      18 -rw-r--r--     0      0    187644 14-Sep-2020 14:44 config-4.18.0-193.19.1.el8_2.x86_64
      19 -rw-r--r--     0      0       173 14-Sep-2020 14:44 .vmlinuz-4.18.0-193.19.1.el8_2.x86_64.hmac
     322 drwxr-xr-x     0      0      4096 10-Dec-2020 16:15 logs
      22 -rwxr-xr-x     0      0   7872760  2-Dec-2019 12:27 vmlinuz-0-rescue-0c78768d38b040a8b4b30282361da518
      23 -rw-------     0      0  65693853  2-Dec-2019 12:28 initramfs-0-rescue-0c78768d38b040a8b4b30282361da518.img
     306 -rw-------     0      0  17759298  2-Dec-2019 18:23 initramfs-4.18.0-80.el8.x86_64kdump.img
      21 -rwxr-xr-x     0      0   7876856 24-Sep-2019 11:40 vmlinuz-4.18.0-80.11.2.el8_0.x86_64
     309 -rw-------     0      0   3754058 24-Sep-2019 11:40 System.map-4.18.0-80.11.2.el8_0.x86_64
     310 -rw-r--r--     0      0    180949 24-Sep-2019 11:40 config-4.18.0-80.11.2.el8_0.x86_64
     311 -rw-r--r--     0      0       172 24-Sep-2019 11:38 .vmlinuz-4.18.0-80.11.2.el8_0.x86_64.hmac
     315 -rw-------     0      0  51612128  6-Jul-2020 16:14 initramfs-4.18.0-80.11.2.el8_0.x86_64.img
     314 -rw-------     0      0  19765177  6-Jul-2020 16:09 initramfs-4.18.0-80.11.2.el8_0.x86_64kdump.img
     313 -rwxr-xr-x     0      0   8913656 10-Jun-2020 11:17 vmlinuz-4.18.0-193.6.3.el8_2.x86_64
     316 -rw-------     0      0   3910484 10-Jun-2020 11:17 System.map-4.18.0-193.6.3.el8_2.x86_64
     317 -rw-r--r--     0      0    187643 10-Jun-2020 11:17 config-4.18.0-193.6.3.el8_2.x86_64
     318 -rw-r--r--     0      0       172 10-Jun-2020 11:17 .vmlinuz-4.18.0-193.6.3.el8_2.x86_64.hmac
     320 -rw-------     0      0  51688136  6-Jul-2020 16:14 initramfs-4.18.0-193.6.3.el8_2.x86_64.img
     308 -rw-------     0      0  51644543 22-Oct-2020 16:04 initramfs-4.18.0-193.19.1.el8_2.x86_64.img
     321 -rw-------     0      0  19878193 22-Oct-2020 16:14 initramfs-4.18.0-193.19.1.el8_2.x86_64kdump.img
     324 drwxr-xr-x     0      0      4096 11-Dec-2020 06:19 proc
    8195 drwxr-xr-x     0      0      4096 11-Dec-2020 06:19 dev
    8196 drwxr-xr-x     0      0      4096 11-Dec-2020 06:19 sys
    8197 drwxr-xr-x     0      0      4096 11-Dec-2020 06:21 run

TestDisk exited normally.
